G__38715$jscomp$inline_911:Xe
G__38716$jscomp$inline_912:Ye
G__38717$jscomp$inline_913:Ze
JSCompiler_StaticMethods_assoc_BANG_:pe
JSCompiler_StaticMethods_cljs$core$ITransientVector$_assoc_n_BANG_$arity$3:yd
JSCompiler_StaticMethods_sval:Kc
JSCompiler_prototypeAlias:f
JSCompiler_temp$jscomp$887:Ke
JSCompiler_temp$jscomp$897:Ie
JSCompiler_temp_const$jscomp$888:Me
JSCompiler_temp_const$jscomp$889:Le
L 0:a
L 1:b
L 10:n
L 11:p
L 12:q
L 13:t
L 14:y
L 15:A
L 16:B
L 17:F
L 18:K
L 19:P
L 2:c
L 20:da
L 21:ma
L 22:Wd
L 3:d
L 4:e
L 5:g
L 6:h
L 7:k
L 8:l
L 9:m
c__4649__auto__$jscomp$inline_910:We
chunk__37376$jscomp$inline_904:Qe
cljs:fa
cljs$core:ha
cljs$core$ArrayChunk:Mc
cljs$core$ArrayNode:$d
cljs$core$ArrayNodeIterator:de
cljs$core$ArrayNodeSeq:ke
cljs$core$BitmapIndexedNode:Vd
cljs$core$BitmapIndexedNode$EMPTY:Zd
cljs$core$Box:Pd
cljs$core$ChunkBuffer:Lc
cljs$core$ChunkedCons:Nc
cljs$core$ChunkedSeq:ud
cljs$core$Cons:Fc
cljs$core$ES6EntriesIterator:Cd
cljs$core$ES6Iterator:Hb
cljs$core$ES6IteratorSeq:Jb
cljs$core$EmptyList:Ec
cljs$core$HashCollisionNode:he
cljs$core$HashMapIter:me
cljs$core$IAssociative:Ja
cljs$core$ICounted:ya
cljs$core$IEmptyableCollection:Aa
cljs$core$IIndexed:Da
cljs$core$IIndexed$_nth$dyn_37616:Ea
cljs$core$IIterable:ob
cljs$core$IKVReduce:Xa
cljs$core$IList:db
cljs$core$ILookup:Ga
cljs$core$ILookup$_lookup$dyn_37622:Ia
cljs$core$IMap:Ma
cljs$core$IMeta:Ra
cljs$core$INext:Fa
cljs$core$IPrintWithWriter:fb
cljs$core$IRecord:eb
cljs$core$IReduce:Ua
cljs$core$IReduce$_reduce$dyn_37639:Wa
cljs$core$ISeqable:ab
cljs$core$ISequential:cb
cljs$core$ITER_SYMBOL:xa
cljs$core$IVector:Pa
cljs$core$IndexedSeq:N
cljs$core$IndexedSeqIterator:Yb
cljs$core$KeySeq:qe
cljs$core$Keyword:J
cljs$core$LazySeq:Jc
cljs$core$List:cc
cljs$core$List$EMPTY:Q
cljs$core$MapEntry:Dd
cljs$core$MetaFn:hc
cljs$core$NeverEquiv:zd
cljs$core$NodeIterator:Ud
cljs$core$NodeSeq:ie
cljs$core$PROTOCOL_SENTINEL:u
cljs$core$PersistentArrayMap:oa
cljs$core$PersistentArrayMap$EMPTY:bd
cljs$core$PersistentArrayMap$HASHMAP_THRESHOLD:Kd
cljs$core$PersistentArrayMapIterator:Gd
cljs$core$PersistentArrayMapSeq:Fd
cljs$core$PersistentHashMap:ne
cljs$core$PersistentHashMap$EMPTY:Ld
cljs$core$PersistentVector:Y
cljs$core$PersistentVector$EMPTY:bc
cljs$core$PersistentVector$EMPTY_NODE:td
cljs$core$RangedIterator:ld
cljs$core$Reduced:Ob
cljs$core$StringBufferWriter:qb
cljs$core$Symbol:Cb
cljs$core$TransientArrayMap:Jd
cljs$core$TransientHashMap:oe
cljs$core$TransientVector:od
cljs$core$ValSeq:re
cljs$core$VectorNode:dd
cljs$core$_EQ_:S
cljs$core$_STAR_print_fn_STAR_:ja
cljs$core$_STAR_print_level_STAR_:la
cljs$core$_STAR_print_newline_STAR_:ka
cljs$core$_as_transient:hb
cljs$core$_assoc:La
cljs$core$_assoc_BANG_:kb
cljs$core$_chunked_first:mb
cljs$core$_chunked_rest:nb
cljs$core$_conj:Ca
cljs$core$_conj_BANG_:ib
cljs$core$_contains_key_QMARK_:Ka
cljs$core$_count:za
cljs$core$_deref:Qa
cljs$core$_drop_first:lb
cljs$core$_empty:Ba
cljs$core$_equiv:Za
cljs$core$_first:E
cljs$core$_hash:$a
cljs$core$_indexOf$cljs$0core$0IFn$0_invoke$0arity$03:T
cljs$core$_iterator:pb
cljs$core$_key:Na
cljs$core$_kv_reduce:Ya
cljs$core$_lastIndexOf$cljs$0core$0IFn$0_invoke$0arity$03:V
cljs$core$_lookup:Ha
cljs$core$_meta:Sa
cljs$core$_nth:D
cljs$core$_persistent_BANG_:jb
cljs$core$_pr_writer:gb
cljs$core$_reduce:Va
cljs$core$_rest:G
cljs$core$_seq:bb
cljs$core$_val:Oa
cljs$core$_with_meta:Ta
cljs$core$_write:H
cljs$core$aclone:C
cljs$core$apply:ic
cljs$core$apply$cljs$0core$0IFn$0_invoke$0arity$02:Zc
cljs$core$apply$cljs$0core$0IFn$0_invoke$0arity$03:$c
cljs$core$apply_to:Tc
cljs$core$apply_to_simple$cljs$0core$0IFn$0_invoke$0arity$03:Vc
cljs$core$apply_to_simple$cljs$0core$0IFn$0_invoke$0arity$04:Wc
cljs$core$apply_to_simple$cljs$0core$0IFn$0_invoke$0arity$05:Xc
cljs$core$apply_to_simple$cljs$0core$0IFn$0_invoke$0arity$06:Yc
cljs$core$array_QMARK_:va
cljs$core$array__GT_transient_hash_map:Od
cljs$core$array_copy:qc
cljs$core$array_for:jd
cljs$core$array_index_of:gc
cljs$core$array_reduce$cljs$0core$0IFn$0_invoke$0arity$02:Rb
cljs$core$array_reduce$cljs$0core$0IFn$0_invoke$0arity$03:Sb
cljs$core$array_reduce$cljs$0core$0IFn$0_invoke$0arity$04:Tb
cljs$core$assoc:fc
cljs$core$bit_count:Dc
cljs$core$boolean$0:sc
cljs$core$bounded_count:Qc
cljs$core$char_escapes:we
cljs$core$chunk_append:Pc
cljs$core$chunk_cons:Oc
cljs$core$chunked_seq:sd
cljs$core$chunked_seq$cljs$0core$0IFn$0_invoke$0arity$04:rd
cljs$core$chunked_seq$cljs$0core$0IFn$0_invoke$0arity$05:vd
cljs$core$chunked_seq_QMARK_:pc
cljs$core$clone_and_set$cljs$0core$0IFn$0_invoke$0arity$03:Rd
cljs$core$conj:ac
cljs$core$conj_BANG_:Sc
cljs$core$cons:W
cljs$core$contains_QMARK_:tc
cljs$core$count:U
cljs$core$counted_QMARK_:Ub
cljs$core$create_array_node_seq:fe
cljs$core$create_array_node_seq$cljs$0core$0IFn$0_invoke$0arity$01:ee
cljs$core$create_array_node_seq$cljs$0core$0IFn$0_invoke$0arity$03:le
cljs$core$create_inode_seq:Yd
cljs$core$create_inode_seq$cljs$0core$0IFn$0_invoke$0arity$01:Xd
cljs$core$create_inode_seq$cljs$0core$0IFn$0_invoke$0arity$03:je
cljs$core$create_node:be
cljs$core$create_node$cljs$0core$0IFn$0_invoke$0arity$06:ce
cljs$core$create_node$cljs$0core$0IFn$0_invoke$0arity$07:ae
cljs$core$deref:Qb
cljs$core$do_assoc:kd
cljs$core$edit_and_set$cljs$0core$0IFn$0_invoke$0arity$04:Sd
cljs$core$empty_ordered_hash:Lb
cljs$core$empty_unordered_hash:Nb
cljs$core$enable_console_print_BANG_:ua
cljs$core$equiv_map:Bd
cljs$core$equiv_sequential:Zb
cljs$core$es6_iterator:Ib
cljs$core$es6_iterator_seq:Fb
cljs$core$every_QMARK_:cd
cljs$core$first:O
cljs$core$get:I
cljs$core$hash:Ab
cljs$core$hash_collision_node_find_index:ge
cljs$core$hash_combine:Bb
cljs$core$hash_ordered_coll:Kb
cljs$core$hash_string:zb
cljs$core$hash_unordered_coll:Mb
cljs$core$identity:Bc
cljs$core$imul:sb
cljs$core$indexed_QMARK_:Vb
cljs$core$inode_kv_reduce:Td
cljs$core$iter_reduce$cljs$0core$0IFn$0_invoke$0arity$02:yc
cljs$core$iter_reduce$cljs$0core$0IFn$0_invoke$0arity$03:zc
cljs$core$iterable_QMARK_:Eb
cljs$core$key:Md
cljs$core$key_test:Qd
cljs$core$keys:Hd
cljs$core$keyword:Hc
cljs$core$lift_ns:Ee
cljs$core$linear_traversal_nth$cljs$0core$0IFn$0_invoke$0arity$03:dc
cljs$core$lookup_sentinel:rc
cljs$core$m3_fmix:vb
cljs$core$m3_hash_unencoded_chars:wb
cljs$core$m3_mix_H1:ub
cljs$core$m3_mix_K1:tb
cljs$core$map:X
cljs$core$map_QMARK_:mc
cljs$core$map_entry_QMARK_:Ed
cljs$core$meta:kc
cljs$core$missing_protocol:x
cljs$core$name:Ic
cljs$core$namespace:Gc
cljs$core$native_satisfies_QMARK_:w
cljs$core$never_equiv:Ad
cljs$core$new_path:gd
cljs$core$next:R
cljs$core$next_STAR_:Uc
cljs$core$nil_iter:ad
cljs$core$nth:Xb
cljs$core$nth$cljs$0core$0IFn$0_invoke$0arity$02:Wb
cljs$core$nth$cljs$0core$0IFn$0_invoke$0arity$03:ec
cljs$core$pr_opts:na
cljs$core$pr_sequential_writer:se
cljs$core$pr_str_STAR_:rb
cljs$core$pr_writer:Z
cljs$core$pr_writer_impl:ze
cljs$core$prim_seq$cljs$0core$0IFn$0_invoke$0arity$02:$b
cljs$core$print_map:Ae
cljs$core$print_meta_QMARK_:ye
cljs$core$print_prefix_map:Fe
cljs$core$push_tail:hd
cljs$core$pv_fresh_node:ed
cljs$core$pv_reduce$cljs$0core$0IFn$0_invoke$0arity$04:md
cljs$core$pv_reduce$cljs$0core$0IFn$0_invoke$0arity$05:nd
cljs$core$quot:Cc
cljs$core$quote_string:xe
cljs$core$record_QMARK_:nc
cljs$core$reduce:wc
cljs$core$reduce$cljs$0core$0IFn$0_invoke$0arity$03:vc
cljs$core$reduce_kv:Ac
cljs$core$reduced_QMARK_:Pb
cljs$core$rest:Gb
cljs$core$seq:M
cljs$core$seq_reduce$cljs$0core$0IFn$0_invoke$0arity$02:uc
cljs$core$seq_reduce$cljs$0core$0IFn$0_invoke$0arity$03:xc
cljs$core$sequential_QMARK_:lc
cljs$core$spread:Rc
cljs$core$str:z
cljs$core$string_hash_cache:xb
cljs$core$string_hash_cache_count:yb
cljs$core$string_print:ve
cljs$core$strip_ns:De
cljs$core$symbol:Db
cljs$core$t_cljs$0core36613:ia
cljs$core$tail_off:fd
cljs$core$truth_:v
cljs$core$tv_editable_root:pd
cljs$core$tv_editable_tail:qd
cljs$core$tv_ensure_editable:wd
cljs$core$tv_push_tail:xd
cljs$core$type__GT_str:wa
cljs$core$unchecked_array_for:id
cljs$core$val:Nd
cljs$core$vals:Id
cljs$core$vector_QMARK_:oc
cljs$core$with_meta:jc
cljs$core$write_all$cljs$0core$0IFn$0_invoke$0arity$0variadic:ue
cljs$cst$keyword$alt_DASH_impl:Be
cljs$cst$keyword$dup:sa
cljs$cst$keyword$fallback_DASH_impl:Ce
cljs$cst$keyword$flush_DASH_on_DASH_newline:pa
cljs$cst$keyword$meta:ra
cljs$cst$keyword$more_DASH_marker:te
cljs$cst$keyword$print_DASH_length:ta
cljs$cst$keyword$readably:qa
count__37377$jscomp$inline_905:Re
goog$UID_PROPERTY_:aa
goog$object$getKeys:ca
goog$string$StringBuffer:ea
goog$typeOf:r
goog$uidCounter_:ba
i__37378$jscomp$inline_906:Se
obj$jscomp$inline_907:Te
objs$jscomp$inline_866:Ge
opts$jscomp$inline_869:$e
opts$jscomp$inline_884:He
sb$jscomp$inline_895:Ne
seq__37375$jscomp$inline_903:Pe
seq__37375__$1$jscomp$inline_909:Ve
temp__5753__auto__$jscomp$inline_908:Ue
writer$jscomp$inline_901:Oe
x$jscomp$inline_898:Je
