__hash:v
_hash:Ta
_meta:ra
_rest:kb
afn:s
arr:i
base:lb
bitmap:N
buf:mb
buffer_:Ba
chunk:ta
cljs$core$IAssociative$:yb
cljs$core$IAssociative$_assoc$arity$3:xa
cljs$core$IAssociative$_contains_key_QMARK_$arity$2:Ua
cljs$core$IChunk$_drop_first$arity$1:qb
cljs$core$IChunkedNext$_chunked_next$arity$1:rb
cljs$core$IChunkedSeq$:Ob
cljs$core$IChunkedSeq$_chunked_first$arity$1:nb
cljs$core$IChunkedSeq$_chunked_rest$arity$1:fb
cljs$core$ICollection$_conj$arity$2:T
cljs$core$ICounted$:zb
cljs$core$ICounted$_count$arity$1:U
cljs$core$IDeref$_deref$arity$1:Ab
cljs$core$IEditableCollection$:Pb
cljs$core$IEditableCollection$_as_transient$arity$1:Xa
cljs$core$IEmptyableCollection$:Bb
cljs$core$IEmptyableCollection$_empty$arity$1:V
cljs$core$IEquiv$_equiv$arity$2:K
cljs$core$IFn$_invoke$arity$0:F
cljs$core$IFn$_invoke$arity$1:g
cljs$core$IFn$_invoke$arity$10:Ca
cljs$core$IFn$_invoke$arity$11:Da
cljs$core$IFn$_invoke$arity$12:Ea
cljs$core$IFn$_invoke$arity$13:Fa
cljs$core$IFn$_invoke$arity$14:Ga
cljs$core$IFn$_invoke$arity$15:Ha
cljs$core$IFn$_invoke$arity$16:Ia
cljs$core$IFn$_invoke$arity$17:Ja
cljs$core$IFn$_invoke$arity$18:Ka
cljs$core$IFn$_invoke$arity$19:La
cljs$core$IFn$_invoke$arity$2:h
cljs$core$IFn$_invoke$arity$20:Ma
cljs$core$IFn$_invoke$arity$22:Cb
cljs$core$IFn$_invoke$arity$3:j
cljs$core$IFn$_invoke$arity$4:fa
cljs$core$IFn$_invoke$arity$5:ua
cljs$core$IFn$_invoke$arity$6:Na
cljs$core$IFn$_invoke$arity$7:Oa
cljs$core$IFn$_invoke$arity$8:Pa
cljs$core$IFn$_invoke$arity$9:Qa
cljs$core$IFn$_invoke$arity$variadic:J
cljs$core$IHash$:Qb
cljs$core$IHash$_hash$arity$1:O
cljs$core$IIndexed$:sb
cljs$core$IIndexed$_nth$arity$2:Y
cljs$core$IIndexed$_nth$arity$3:ka
cljs$core$IIterable$:Rb
cljs$core$IIterable$_iterator$arity$1:sa
cljs$core$IKVReduce$:Sb
cljs$core$IKVReduce$_kv_reduce$arity$3:gb
cljs$core$IList$:Tb
cljs$core$ILookup$:Db
cljs$core$ILookup$_lookup$arity$2:la
cljs$core$ILookup$_lookup$arity$3:H
cljs$core$IMap$:Ub
cljs$core$IMapEntry$:Vb
cljs$core$IMapEntry$_key$arity$1:Eb
cljs$core$IMapEntry$_val$arity$1:Fb
cljs$core$IMeta$:Gb
cljs$core$IMeta$_meta$arity$1:P
cljs$core$INamed$:Hb
cljs$core$INext$:Ya
cljs$core$INext$_next$arity$1:Z
cljs$core$IPrintWithWriter$:$
cljs$core$IPrintWithWriter$_pr_writer$arity$3:M
cljs$core$IRecord$:Wb
cljs$core$IReduce$:Ib
cljs$core$IReduce$_reduce$arity$2:aa
cljs$core$IReduce$_reduce$arity$3:ba
cljs$core$ISeq$:hb
cljs$core$ISeq$_first$arity$1:ca
cljs$core$ISeq$_rest$arity$1:ga
cljs$core$ISeqable$:Jb
cljs$core$ISeqable$_seq$arity$1:I
cljs$core$ISequential$:tb
cljs$core$ITransientAssociative$_assoc_BANG_$arity$3:Va
cljs$core$ITransientCollection$_conj_BANG_$arity$2:Za
cljs$core$ITransientCollection$_persistent_BANG_$arity$1:ib
cljs$core$IVector$:Xb
cljs$core$IVector$_assoc_n$arity$3:ob
cljs$core$IWithMeta$_with_meta$arity$2:R
cljs$core$IWriter$_write$arity$2:ub
cljs$lang$applyTo:W
cljs$lang$ctorPrWriter:Kb
cljs$lang$ctorStr:jb
cljs$lang$maxFixedArity:X
cljs$lang$protocol_mask$partition0$:l
cljs$lang$protocol_mask$partition1$:A
cljs$lang$type:vb
cnt:m
collision_hash:ya
edit:D
editable_QMARK_:Wa
ensure_editable:Ra
fn:$a
fqn:va
hasNext:ia
has_nil_QMARK_:ha
i:o
inode_assoc:ma
inode_assoc_BANG_:na
inode_lookup:za
inode_seq:ab
iter:wb
kv_reduce:bb
len:Sa
meta:u
meta36614:Lb
more:oa
mseq:B
next_entry:cb
next_iter:pa
nil_val:da
nodes:qa
ns:eb
off:S
rest:wa
root_iter:xb
s:C
sb:Mb
seen:pb
str:Aa
tail:ea
v:Nb
val:G
vec:ja
